
> nextjs-fixxers@1.0.0 build
> prisma generate && next build

warn The configuration property `package.json#prisma` is deprecated and will be removed in Prisma 7. Please migrate to a Prisma config file (e.g., `prisma.config.ts`).
For more information, see: https://pris.ly/prisma-config

Environment variables loaded from .env
Prisma schema loaded from prisma/schema.prisma

✔ Generated Prisma Client (v6.17.1) to ./node_modules/@prisma/client in 266ms

Start by importing your Prisma Client (See: https://pris.ly/d/importing-client)

Tip: Interested in query caching in just a few lines of code? Try Accelerate today! https://pris.ly/tip-3-accelerate

 ⚠ The config property `experimental.turbo` is deprecated. Move this setting to `config.turbopack` or run `npx @next/codemod@latest next-experimental-turbo-to-turbopack .`
   ▲ Next.js 15.5.4
   - Environments: .env
   - Experiments (use with caution):
     · serverActions

   Creating an optimized production build ...

[2m[0.18ms][22m [@tailwindcss/postcss] app/home.module.css
[2m[0.17ms][22m  [2m ↳ [22mQuick bail check


[2m[0.04ms][22m [@tailwindcss/postcss] components/FixerDashboardActions.module.css
[2m[0.03ms][22m  [2m ↳ [22mQuick bail check


[2m[0.02ms][22m [@tailwindcss/postcss] components/SearchBar.module.css
[2m[0.01ms][22m  [2m ↳ [22mQuick bail check

 ⚠ Compiled with warnings in 26.0s

./node_modules/handlebars/lib/index.js
require.extensions is not supported by webpack. Use a loader instead.

Import trace for requested module:
./node_modules/handlebars/lib/index.js
./app/api/admin/email-templates/[templateId]/route.ts

./node_modules/handlebars/lib/index.js
require.extensions is not supported by webpack. Use a loader instead.

Import trace for requested module:
./node_modules/handlebars/lib/index.js
./app/api/admin/email-templates/[templateId]/route.ts

./node_modules/handlebars/lib/index.js
require.extensions is not supported by webpack. Use a loader instead.

Import trace for requested module:
./node_modules/handlebars/lib/index.js
./app/api/admin/email-templates/[templateId]/route.ts


[2m[123.24ms][22m [@tailwindcss/postcss] app/globals.css
[2m[  0.04ms][22m  [2m ↳ [22mQuick bail check
[2m[  6.08ms][22m  [2m ↳ [22mSetup compiler
[2m[  0.35ms][22m    [2m ↳ [22mPostCSS AST -> Tailwind CSS AST
[2m[  5.71ms][22m    [2m ↳ [22mCreate compiler
[2m[  0.05ms][22m  [2m ↳ [22mRegister full rebuild paths
[2m[  5.54ms][22m  [2m ↳ [22mSetup scanner
[2m[ 39.53ms][22m  [2m ↳ [22mScan for candidates
[2m[ 31.15ms][22m  [2m ↳ [22mRegister dependency messages
[2m[ 19.98ms][22m  [2m ↳ [22mBuild utilities
[2m[ 19.13ms][22m  [2m ↳ [22mOptimization
[2m[  0.38ms][22m    [2m ↳ [22mAST -> CSS
[2m[ 16.96ms][22m    [2m ↳ [22mLightning CSS
[2m[  1.77ms][22m    [2m ↳ [22mCSS -> PostCSS AST
[2m[  1.47ms][22m  [2m ↳ [22mUpdate PostCSS AST


[2m[0.04ms][22m [@tailwindcss/postcss] app/home.module.css
[2m[0.04ms][22m  [2m ↳ [22mQuick bail check


[2m[0.03ms][22m [@tailwindcss/postcss] components/FixerDashboardActions.module.css
[2m[0.03ms][22m  [2m ↳ [22mQuick bail check


[2m[0.02ms][22m [@tailwindcss/postcss] components/SearchBar.module.css
[2m[0.01ms][22m  [2m ↳ [22mQuick bail check

 ✓ Compiled successfully in 29.6s
   Linting and checking validity of types ...

./app/(examples)/search-with-quick-wins/page.tsx
120:21  Warning: Using `<img>` could result in slower LCP and higher bandwidth. Consider using `<Image />` from `next/image` or a custom image loader to automatically optimize images. This may incur additional usage or cost from your provider. See: https://nextjs.org/docs/messages/no-img-element  @next/next/no-img-element

./app/admin/agents/AdminAgentsClient.tsx
48:6  Warning: React Hook useEffect has a missing dependency: 'fetchAgents'. Either include it or remove the dependency array.  react-hooks/exhaustive-deps

./app/admin/agents/[agentId]/AdminAgentDetailClient.tsx
30:6  Warning: React Hook useEffect has a missing dependency: 'fetchAgentDetails'. Either include it or remove the dependency array.  react-hooks/exhaustive-deps

./app/admin/badges/requests/[requestId]/page.tsx
155:33  Warning: Using `<img>` could result in slower LCP and higher bandwidth. Consider using `<Image />` from `next/image` or a custom image loader to automatically optimize images. This may incur additional usage or cost from your provider. See: https://nextjs.org/docs/messages/no-img-element  @next/next/no-img-element
224:53  Warning: Using `<img>` could result in slower LCP and higher bandwidth. Consider using `<Image />` from `next/image` or a custom image loader to automatically optimize images. This may incur additional usage or cost from your provider. See: https://nextjs.org/docs/messages/no-img-element  @next/next/no-img-element

./app/agent/clients/AgentClientsClient.tsx
131:23  Warning: Using `<img>` could result in slower LCP and higher bandwidth. Consider using `<Image />` from `next/image` or a custom image loader to automatically optimize images. This may incur additional usage or cost from your provider. See: https://nextjs.org/docs/messages/no-img-element  @next/next/no-img-element

./app/agent/fixers/AgentFixersClient.tsx
148:23  Warning: Using `<img>` could result in slower LCP and higher bandwidth. Consider using `<Image />` from `next/image` or a custom image loader to automatically optimize images. This may incur additional usage or cost from your provider. See: https://nextjs.org/docs/messages/no-img-element  @next/next/no-img-element

./app/agent/fixers/[id]/FixerDetailClient.tsx
16:6  Warning: React Hook useEffect has a missing dependency: 'fetchFixerDetails'. Either include it or remove the dependency array.  react-hooks/exhaustive-deps

./app/agent/requests/[id]/quote/SubmitQuoteForm.tsx
43:6  Warning: React Hook useEffect has a missing dependency: 'fetchRequest'. Either include it or remove the dependency array.  react-hooks/exhaustive-deps

./app/fixer/badges/payment/[requestId]/client.tsx
119:8  Warning: React Hook useEffect has a missing dependency: 'fetchRequest'. Either include it or remove the dependency array.  react-hooks/exhaustive-deps

./app/fixer/orders/[orderId]/view/page.tsx
91:6  Warning: React Hook useEffect has a missing dependency: 'params'. Either include it or remove the dependency array.  react-hooks/exhaustive-deps

./app/fixer/quotes/[quoteId]/final/page.tsx
50:6  Warning: React Hook useEffect has a missing dependency: 'params'. Either include it or remove the dependency array.  react-hooks/exhaustive-deps

./app/fixer/quotes/page.tsx
189:53  Warning: Using `<img>` could result in slower LCP and higher bandwidth. Consider using `<Image />` from `next/image` or a custom image loader to automatically optimize images. This may incur additional usage or cost from your provider. See: https://nextjs.org/docs/messages/no-img-element  @next/next/no-img-element

./app/fixer/requests/[id]/page.tsx
68:6  Warning: React Hook useEffect has a missing dependency: 'params'. Either include it or remove the dependency array.  react-hooks/exhaustive-deps

./app/fixer/services/page.tsx
96:9  Warning: The 'countries' logical expression could make the dependencies of useEffect Hook (at line 109) change on every render. To fix this, wrap the initialization of 'countries' in its own useMemo() Hook.  react-hooks/exhaustive-deps

./app/orders/[orderId]/review/page.tsx
136:25  Warning: Using `<img>` could result in slower LCP and higher bandwidth. Consider using `<Image />` from `next/image` or a custom image loader to automatically optimize images. This may incur additional usage or cost from your provider. See: https://nextjs.org/docs/messages/no-img-element  @next/next/no-img-element

./components/LocationCascadeSelect.tsx
47:9  Warning: The 'countries' logical expression could make the dependencies of useEffect Hook (at line 60) change on every render. To fix this, wrap the initialization of 'countries' in its own useMemo() Hook.  react-hooks/exhaustive-deps
67:6  Warning: React Hook useEffect has a missing dependency: 'neighborhoodId'. Either include it or remove the dependency array.  react-hooks/exhaustive-deps
74:6  Warning: React Hook useEffect has a missing dependency: 'value'. Either include it or remove the dependency array.  react-hooks/exhaustive-deps

./components/ReviewPhotoGallery.tsx
75:25  Warning: Using `<img>` could result in slower LCP and higher bandwidth. Consider using `<Image />` from `next/image` or a custom image loader to automatically optimize images. This may incur additional usage or cost from your provider. See: https://nextjs.org/docs/messages/no-img-element  @next/next/no-img-element
176:25  Warning: Using `<img>` could result in slower LCP and higher bandwidth. Consider using `<Image />` from `next/image` or a custom image loader to automatically optimize images. This may incur additional usage or cost from your provider. See: https://nextjs.org/docs/messages/no-img-element  @next/next/no-img-element

./components/ReviewPhotoUpload.tsx
101:29  Warning: Using `<img>` could result in slower LCP and higher bandwidth. Consider using `<Image />` from `next/image` or a custom image loader to automatically optimize images. This may incur additional usage or cost from your provider. See: https://nextjs.org/docs/messages/no-img-element  @next/next/no-img-element

./components/agent/FixerSelectorDropdown.tsx
36:6  Warning: React Hook useEffect has a missing dependency: 'fetchFixers'. Either include it or remove the dependency array.  react-hooks/exhaustive-deps

./components/badges/BadgeDocumentUpload.tsx
90:37  Warning: Using `<img>` could result in slower LCP and higher bandwidth. Consider using `<Image />` from `next/image` or a custom image loader to automatically optimize images. This may incur additional usage or cost from your provider. See: https://nextjs.org/docs/messages/no-img-element  @next/next/no-img-element

./components/badges/BadgeRequestsTable.tsx
95:45  Warning: Using `<img>` could result in slower LCP and higher bandwidth. Consider using `<Image />` from `next/image` or a custom image loader to automatically optimize images. This may incur additional usage or cost from your provider. See: https://nextjs.org/docs/messages/no-img-element  @next/next/no-img-element

./lib/theme.ts
512:1  Warning: Assign object to a variable before exporting as module default  import/no-anonymous-default-export

info  - Need to disable some ESLint rules? Learn more here: https://nextjs.org/docs/app/api-reference/config/eslint#disabling-rules
Failed to compile.

./app/admin/users/page.tsx:198:24
Type error: Property 'avatar' does not exist on type '{ name: string | null; id: string; email: string | null; phone: string | null; roles: UserRole[]; status: UserStatus; profileImage: string | null; bio: string | null; createdAt: Date; }'.

[0m [90m 196 |[39m     [33m<[39m[33mAdminDashboardWrapper[39m
 [90m 197 |[39m       userName[33m=[39m{user[33m.[39mname [33m||[39m user[33m.[39memail [33m||[39m [32m'Admin'[39m}
[31m[1m>[22m[39m[90m 198 |[39m       userAvatar[33m=[39m{user[33m.[39mavatar [33m||[39m undefined}
 [90m     |[39m                        [31m[1m^[22m[39m
 [90m 199 |[39m       pendingBadgeRequests[33m=[39m{pendingBadgeRequests}
 [90m 200 |[39m       pendingAgentApplications[33m=[39m{pendingAgentApplications}
 [90m 201 |[39m       pendingReports[33m=[39m{pendingReports}[0m
Next.js build worker exited with code: 1 and signal: null
